---
source: tests/parser.rs
expression: "ito::debug::cst_string(&tree)"
input_file: tests/yaml/comment/flow_sequence.yml
---
STREAM@0..38
  DOCUMENT@0..9
    FLOW_SEQUENCE@0..9
      L_BRACKET@0..1 "["
      FLOW_SEQUENCE_ENTRY@1..2
        SCALAR@1..2
          PLAIN_SCALAR@1..2 "1"
      COMMA@2..3 ","
      WHITESPACE@3..4 " "
      FLOW_SEQUENCE_ENTRY@4..5
        SCALAR@4..5
          PLAIN_SCALAR@4..5 "2"
      COMMA@5..6 ","
      WHITESPACE@6..7 " "
      FLOW_SEQUENCE_ENTRY@7..8
        SCALAR@7..8
          PLAIN_SCALAR@7..8 "3"
      R_BRACKET@8..9 "]"
  WHITESPACE@9..10 " "
  COMMENT@10..37 "# trailing on flow sequence"
  NEWLINE@37..38 "\n"
